Installing packages
------------------------------------------------------------
Reading runtime dist: @@temp_dir@@/empty_dist
Read user libraries: ()
Reading opam libraries: (base class-greek fonts-theano grcnum)
Not gathering system fonts
Installing libraries: (base dist)
Removing destination @@dest_dir@@/dest
Loaded libraries
(((name (base)) (version (1.1.1))
  (files
   ((packages/base/void.satyh
     (Filename
      @@temp_dir@@/opam_reg/base/packages/base/void.satyh)))))
 ((name (dist)) (version ())))
Installing ((name (base)) (version (1.1.1))
 (files
  ((packages/base/void.satyh
    (Filename
     @@temp_dir@@/opam_reg/base/packages/base/void.satyh)))))
Installation completed!
------------------------------------------------------------
@@dest_dir@@
@@dest_dir@@/dest
@@dest_dir@@/dest/.satyrographos
@@dest_dir@@/dest/metadata
@@dest_dir@@/dest/packages
@@dest_dir@@/dest/packages/base
@@dest_dir@@/dest/packages/base/void.satyh
------------------------------------------------------------
diff -Nr @@empty_dir@@/dest/metadata @@dest_dir@@/dest/metadata
0a1,2
> ((version 1) (libraryName base) (libraryVersion 1.1.1) (compatibility ())
>  (dependencies ()))
diff -Nr @@empty_dir@@/dest/packages/base/void.satyh @@dest_dir@@/dest/packages/base/void.satyh
0a1
> @@void.satyh@@
