Installing packages
------------------------------------------------------------
make out> Target: build-doc
make out> Files under $SATYSFI_RUNTIME
make out> ==============================
make out> .:
make out> dist
make out>
make out> ./dist:
make out> fonts
make out> hash
make out> metadata
make out> packages
make out>
make out> ./dist/fonts:
make out> fonts-theano
make out>
make out> ./dist/fonts/fonts-theano:
make out> TheanoDidot-Regular.otf
make out> TheanoModern-Regular.otf
make out> TheanoOldStyle-Regular.otf
make out>
make out> ./dist/hash:
make out> fonts.satysfi-hash
make out>
make out> ./dist/packages:
make out> grcnum
make out>
make out> ./dist/packages/grcnum:
make out> grcnum.satyh
make out> ==============================
Reading runtime dist: @@temp_dir@@/empty_dist
Read user libraries: ()
Reading opam libraries: (base class-greek fonts-theano grcnum)
Not gathering system fonts
Installing libraries: (dist fonts-theano grcnum)
Removing destination @@with_env@@/dist
Installation completed!

[1;33mCompatibility notice[0m for library fonts-theano:

  Fonts have been renamed.
  
    TheanoDidot -> fonts-theano:TheanoDidot
    TheanoModern -> fonts-theano:TheanoModern
    TheanoOldStyle -> fonts-theano:TheanoOldStyle

[1;33mCompatibility notice[0m for library grcnum:

  Packages have been renamed.
  
    grcnum.satyh -> grcnum/grcnum.satyh
Setting up SATySFi env at @@with_env@@ 
------------------------------------------------------------
@@dest_dir@@
------------------------------------------------------------
------------------------------------------------------------
Command invoked:
satysfi -C @@with_env@@ --version
Command invoked:
satysfi -C @@with_env@@ doc-grcnum.saty -o doc-grcnum-ja.pdf
doc-grcnum.saty -> doc-grcnum-ja.pdf
