Installing packages
------------------------------------------------------------
Reading runtime dist: @@temp_dir@@/empty_dist
Read user libraries: ()
Reading opam libraries: ()
Not gathering system fonts
Installing libraries: (dist)
Removing destination @@dest_dir@@/dest
Loaded libraries
(((name (dist)) (version ())))Installing ((name (dist)) (version ()))
Installation completed!
------------------------------------------------------------
@@dest_dir@@
@@dest_dir@@/dest
@@dest_dir@@/dest/.satyrographos
@@dest_dir@@/dest/metadata
------------------------------------------------------------
diff -Nr @@empty_dir@@/dest/metadata @@dest_dir@@/dest/metadata
0a1,2
> ((version 1) (libraryName dist) (libraryVersion "") (compatibility ())
>  (dependencies ()))
